Hello from Simple Test File Write